\BOOKMARK [0][-]{section*.2}{\376\377\000S\000i\000e\000g\000e\000r\000t\000\040\000R\000e\000l\000a\000t\000i\000o\000n\000\040\000V\000i\000o\000l\000a\000t\000i\000o\000n\000\040\000a\000s\000\040\000a\000\040\000P\000r\000o\000b\000e\000\040\000o\000f\000\040\000S\000p\000a\000c\000e\000t\000i\000m\000e\000\040\000F\000o\000a\000m}{}% 2
\BOOKMARK [1][-]{section*.1}{\376\377\000A\000b\000s\000t\000r\000a\000c\000t}{section*.2}% 1
\BOOKMARK [1][-]{section*.3}{\376\377\000I\000n\000t\000r\000o\000d\000u\000c\000t\000i\000o\000n}{section*.2}% 3
\BOOKMARK [1][-]{section*.4}{\376\377\000M\000o\000d\000e\000l}{section*.2}% 4
\BOOKMARK [2][-]{section*.5}{\376\377\000A\000r\000r\000i\000v\000a\000l\000-\000T\000i\000m\000e\000\040\000J\000i\000t\000t\000e\000r\000\040\000a\000s\000\040\000a\000\040\000T\000i\000m\000e\000\040\000R\000e\000p\000a\000r\000a\000m\000e\000t\000e\000r\000i\000z\000a\000t\000i\000o\000n}{section*.4}% 5
\BOOKMARK [2][-]{section*.6}{\376\377\000S\000p\000a\000t\000i\000a\000l\000\040\000a\000n\000d\000\040\000T\000e\000m\000p\000o\000r\000a\000l\000\040\000F\000l\000u\000c\000t\000u\000a\000t\000i\000o\000n\000s\000\040\000o\000f\000\040\000S\000p\000a\000c\000e\000t\000i\000m\000e\000\040\000F\000o\000a\000m}{section*.4}% 6
\BOOKMARK [2][-]{section*.7}{\376\377\000D\000i\000f\000f\000e\000r\000e\000n\000t\000i\000a\000l\000\040\000J\000i\000t\000t\000e\000r\000\040\000a\000n\000d\000\040\000I\000t\000s\000\040\000D\000i\000s\000t\000r\000i\000b\000u\000t\000i\000o\000n}{section*.4}% 7
\BOOKMARK [1][-]{section*.8}{\376\377\000F\000i\000r\000s\000t\000-\000O\000r\000d\000e\000r\000\040\000C\000o\000h\000e\000r\000e\000n\000c\000e}{section*.2}% 8
\BOOKMARK [2][-]{section*.9}{\376\377\000J\000i\000t\000t\000e\000r\000\040\000C\000o\000n\000v\000o\000l\000u\000t\000i\000o\000n\000\040\000F\000o\000r\000m\000u\000l\000a\000\040\000f\000o\000r\000\040\000g\000\050\0001\000\051}{section*.8}% 9
\BOOKMARK [2][-]{section*.10}{\376\377\000C\000l\000o\000s\000e\000d\000\040\000F\000o\000r\000m\000s\000\040\000f\000o\000r\000\040\000L\000o\000r\000e\000n\000t\000z\000i\000a\000n\000\040\000a\000n\000d\000\040\000V\000o\000i\000g\000t\000\040\000S\000o\000u\000r\000c\000e\000s}{section*.8}% 10
\BOOKMARK [2][-]{section*.11}{\376\377\000N\000a\000r\000r\000o\000w\000-\000B\000a\000n\000d\000\040\000L\000i\000m\000i\000t}{section*.8}% 11
\BOOKMARK [2][-]{section*.12}{\376\377\000C\000o\000n\000n\000e\000c\000t\000i\000o\000n\000\040\000t\000o\000\040\000F\000r\000i\000n\000g\000e\000\040\000V\000i\000s\000i\000b\000i\000l\000i\000t\000y\000\040\000a\000n\000d\000\040\000S\000t\000r\000e\000h\000l\000\040\000R\000a\000t\000i\000o}{section*.8}% 12
\BOOKMARK [1][-]{section*.13}{\376\377\000S\000e\000c\000o\000n\000d\000-\000O\000r\000d\000e\000r\000\040\000C\000o\000h\000e\000r\000e\000n\000c\000e}{section*.2}% 13
\BOOKMARK [1][-]{section*.14}{\376\377\000S\000i\000e\000g\000e\000r\000t\000\040\000R\000e\000l\000a\000t\000i\000o\000n\000\040\000V\000i\000o\000l\000a\000t\000i\000o\000n}{section*.2}% 14
\BOOKMARK [2][-]{section*.15}{\376\377\000G\000e\000n\000e\000r\000a\000l\000\040\000B\000o\000u\000n\000d}{section*.14}% 15
\BOOKMARK [2][-]{section*.16}{\376\377\000S\000e\000n\000s\000i\000t\000i\000v\000i\000t\000y\000\040\000S\000c\000a\000l\000e\000\040\000D\000e\000c\000o\000u\000p\000l\000i\000n\000g}{section*.14}% 16
\BOOKMARK [2][-]{section*.17}{\376\377\000E\000x\000p\000l\000i\000c\000i\000t\000\040\000F\000o\000r\000m\000\040\000a\000n\000d\000\040\000P\000r\000o\000p\000e\000r\000t\000i\000e\000s\000\040\000i\000n\000\040\000t\000h\000e\000\040\000N\000a\000r\000r\000o\000w\000-\000B\000a\000n\000d\000\040\000L\000i\000m\000i\000t}{section*.14}% 17
\BOOKMARK [1][-]{section*.18}{\376\377\000E\000x\000t\000e\000n\000d\000e\000d\000\040\000S\000o\000u\000r\000c\000e\000s\000:\000\040\000T\000r\000a\000n\000s\000v\000e\000r\000s\000e\000\040\000F\000o\000a\000m\000\040\000C\000o\000h\000e\000r\000e\000n\000c\000e}{section*.2}% 18
\BOOKMARK [2][-]{section*.19}{\376\377\000F\000i\000e\000l\000d\000\040\000M\000o\000d\000e\000l\000\040\000a\000n\000d\000\040\000S\000p\000a\000t\000i\000o\000t\000e\000m\000p\000o\000r\000a\000l\000\040\000C\000o\000v\000a\000r\000i\000a\000n\000c\000e}{section*.18}% 19
\BOOKMARK [2][-]{section*.20}{\376\377\000S\000e\000c\000o\000n\000d\000-\000O\000r\000d\000e\000r\000\040\000C\000o\000h\000e\000r\000e\000n\000c\000e\000\040\000f\000o\000r\000\040\000a\000n\000\040\000E\000x\000t\000e\000n\000d\000e\000d\000\040\000S\000o\000u\000r\000c\000e}{section*.18}% 20
\BOOKMARK [2][-]{section*.21}{\376\377\000E\000f\000f\000e\000c\000t\000i\000v\000e\000\040\000T\000r\000a\000n\000s\000v\000e\000r\000s\000e\000\040\000C\000o\000h\000e\000r\000e\000n\000c\000e\000\040\000F\000a\000c\000t\000o\000r}{section*.18}% 21
\BOOKMARK [2][-]{section*.22}{\376\377\000E\000x\000t\000e\000n\000d\000e\000d\000-\000S\000o\000u\000r\000c\000e\000\040\000S\000i\000e\000g\000e\000r\000t\000\040\000D\000i\000s\000c\000r\000e\000p\000a\000n\000c\000y\000\040\000a\000n\000d\000\040\000Z\000e\000r\000o\000-\000L\000a\000g\000\040\000B\000u\000n\000c\000h\000i\000n\000g}{section*.18}% 22
\BOOKMARK [1][-]{section*.23}{\376\377\000S\000i\000e\000g\000e\000r\000t\000-\000V\000i\000o\000l\000a\000t\000i\000o\000n\000:\000\040\000S\000e\000n\000s\000i\000t\000i\000v\000i\000t\000y\000\040\000a\000n\000d\000\040\000T\000a\000r\000g\000e\000t\000\040\000S\000e\000l\000e\000c\000t\000i\000o\000n}{section*.2}% 23
\BOOKMARK [2][-]{section*.24}{\376\377\000S\000e\000n\000s\000i\000t\000i\000v\000i\000t\000y\000\040\000a\000n\000d\000\040\000A\000p\000e\000r\000t\000u\000r\000e\000\040\000S\000c\000a\000l\000i\000n\000g}{section*.23}% 24
\BOOKMARK [3][-]{section*.25}{\376\377\000T\000e\000m\000p\000o\000r\000a\000l\000\040\000D\000e\000c\000o\000r\000r\000e\000l\000a\000t\000i\000o\000n\000\040\040\023\000\040\000F\000i\000n\000i\000t\000e\000-\000l\000a\000g\000\040\000v\000a\000r\000i\000a\000n\000t}{section*.24}% 25
\BOOKMARK [3][-]{section*.29}{\376\377\000T\000r\000a\000n\000s\000v\000e\000r\000s\000e\000\040\000D\000e\000c\000o\000r\000r\000e\000l\000a\000t\000i\000o\000n\000\040\040\023\000\040\000Z\000e\000r\000o\000-\000l\000a\000g\000\040\000v\000a\000r\000i\000a\000n\000t}{section*.24}% 26
\BOOKMARK [2][-]{section*.34}{\376\377\000C\000a\000n\000d\000i\000d\000a\000t\000e\000\040\000S\000o\000u\000r\000c\000e\000s}{section*.23}% 27
\BOOKMARK [2][-]{section*.35}{\376\377\000S\000N\000R\000\040\000R\000e\000s\000u\000l\000t\000s}{section*.23}% 28
\BOOKMARK [2][-]{section*.41}{\376\377\000S\000o\000u\000r\000c\000e\000s\000\040\000I\000n\000v\000e\000s\000t\000i\000g\000a\000t\000e\000d\000\040\000b\000u\000t\000\040\000N\000o\000t\000\040\000C\000o\000m\000p\000e\000t\000i\000t\000i\000v\000e}{section*.23}% 29
\BOOKMARK [1][-]{section*.42}{\376\377\000C\000o\000n\000c\000l\000u\000s\000i\000o\000n\000s}{section*.2}% 30
\BOOKMARK [1][-]{section*.43}{\376\377\000A\000c\000k\000n\000o\000w\000l\000e\000d\000g\000m\000e\000n\000t\000s}{section*.2}% 31
\BOOKMARK [1][-]{section*.44}{\376\377\000R\000e\000f\000e\000r\000e\000n\000c\000e\000s}{section*.2}% 32
